// Jest Snapshot v1, https://goo.gl/fbAQLP

exports[`Footer tests check it renders correctly with snapshot 1`] = `
<footer
  id="footer"
>
  <div
    className="inner"
  >
    <ul
      className="icons"
    >
      <li>
        <a
          className="icon alt fa-twitter"
          href="https://twitter.com/l3digital_uk"
          rel="noopener noreferrer"
          target="_blank"
        >
          <span
            className="label"
          >
            Twitter
          </span>
        </a>
      </li>
      <li>
        <a
          className="icon alt fa-github"
          href="https://github.com/l3digitaluk"
          rel="noopener noreferrer"
          target="_blank"
        >
          <span
            className="label"
          >
            GitHub
          </span>
        </a>
      </li>
      <li>
        <a
          className="icon alt fa-linkedin"
          href="https://www.linkedin.com/in/l3-digital-uk/"
          rel="noopener noreferrer"
          target="_blank"
        >
          <span
            className="label"
          >
            LinkedIn
          </span>
        </a>
      </li>
    </ul>
    <ul
      className="copyright"
    >
      <li>
        Â© 
        2019
         L3 Digital
      </li>
      <li>
        Design: 
        <a
          href="https://html5up.net"
        >
          HTML5 UP
        </a>
      </li>
    </ul>
  </div>
</footer>
`;
